// Jest Snapshot v1, https://goo.gl/fbAQLP

exports[`Cross Button renders button 1`] = `
<button
  class="sc-bdVaJa cXKJrY"
>
  тип
</button>
`;
