// Jest Snapshot v1, https://goo.gl/fbAQLP

exports[`MyComponent renders MyComponent 1`] = `
<div>
  <button
    class="sc-bdVaJa jjCqhi"
  >
    Click Me
  </button>
</div>
`;
